--- t=10s ---
civicpulse-backend-64b86796c7-bwgc6   4m    66Mi   
civicpulse-backend-64b86796c7-crw48   6m    68Mi   
civicpulse-backend-64b86796c7-d9bj8   6m    67Mi   
civicpulse-backend-64b86796c7-sb7gg   6m    85Mi   
HPA: civicpulse-backend   Deployment/civicpulse-backend   cpu: 5%/60%   2     10    4     15h
--- t=20s ---
civicpulse-backend-64b86796c7-bwgc6   7m    66Mi   
civicpulse-backend-64b86796c7-d9bj8   6m    67Mi   
HPA: civicpulse-backend   Deployment/civicpulse-backend   cpu: 5%/60%   2     10    4     15h
--- t=30s ---
civicpulse-backend-64b86796c7-bwgc6   7m    66Mi   
civicpulse-backend-64b86796c7-d9bj8   6m    67Mi   
HPA: civicpulse-backend   Deployment/civicpulse-backend   cpu: 6%/60%   2     10    2     15h
--- t=40s ---
civicpulse-backend-64b86796c7-bwgc6   6m    67Mi   
civicpulse-backend-64b86796c7-d9bj8   8m    69Mi   
HPA: civicpulse-backend   Deployment/civicpulse-backend   cpu: 7%/60%   2     10    2     15h
--- t=50s ---
civicpulse-backend-64b86796c7-bwgc6   6m     66Mi   
civicpulse-backend-64b86796c7-d9bj8   250m   76Mi   
HPA: civicpulse-backend   Deployment/civicpulse-backend   cpu: 7%/60%   2     10    2     15h
--- t=60s ---
civicpulse-backend-64b86796c7-bwgc6   6m     66Mi   
civicpulse-backend-64b86796c7-d9bj8   251m   83Mi   
HPA: civicpulse-backend   Deployment/civicpulse-backend   cpu: 128%/60%   2     10    2     15h
--- t=70s ---
civicpulse-backend-64b86796c7-bwgc6   6m     66Mi   
civicpulse-backend-64b86796c7-d9bj8   251m   83Mi   
HPA: civicpulse-backend   Deployment/civicpulse-backend   cpu: 128%/60%   2     10    5     15h
--- t=80s ---
civicpulse-backend-64b86796c7-9jmgk   246m   60Mi   
civicpulse-backend-64b86796c7-bwgc6   6m     66Mi   
civicpulse-backend-64b86796c7-cv5xb   233m   77Mi   
civicpulse-backend-64b86796c7-d9bj8   249m   90Mi   
civicpulse-backend-64b86796c7-sh9nv   235m   66Mi   
HPA: civicpulse-backend   Deployment/civicpulse-backend   cpu: 127%/60%   2     10    5     15h
--- t=90s ---
civicpulse-backend-64b86796c7-9jmgk   13m    63Mi   
civicpulse-backend-64b86796c7-bwgc6   6m     66Mi   
civicpulse-backend-64b86796c7-cv5xb   5m     77Mi   
civicpulse-backend-64b86796c7-d9bj8   251m   94Mi   
civicpulse-backend-64b86796c7-sh9nv   9m     67Mi   
HPA: civicpulse-backend   Deployment/civicpulse-backend   cpu: 127%/60%   2     10    5     15h
--- t=100s ---
civicpulse-backend-64b86796c7-9jmgk   13m    63Mi   
civicpulse-backend-64b86796c7-bwgc6   6m     66Mi   
civicpulse-backend-64b86796c7-cv5xb   5m     77Mi   
civicpulse-backend-64b86796c7-d9bj8   251m   94Mi   
civicpulse-backend-64b86796c7-sh9nv   9m     67Mi   
HPA: civicpulse-backend   Deployment/civicpulse-backend   cpu: 67%/60%   2     10    5     15h
--- t=110s ---
civicpulse-backend-64b86796c7-9jmgk   6m     63Mi    
civicpulse-backend-64b86796c7-bwgc6   5m     66Mi    
civicpulse-backend-64b86796c7-cv5xb   6m     77Mi    
civicpulse-backend-64b86796c7-d9bj8   235m   101Mi   
civicpulse-backend-64b86796c7-sh9nv   6m     67Mi    
HPA: civicpulse-backend   Deployment/civicpulse-backend   cpu: 51%/60%   2     10    5     15h
--- t=120s ---
civicpulse-backend-64b86796c7-9jmgk   5m     63Mi    
civicpulse-backend-64b86796c7-bwgc6   6m     66Mi    
civicpulse-backend-64b86796c7-cv5xb   7m     77Mi    
civicpulse-backend-64b86796c7-d9bj8   252m   102Mi   
civicpulse-backend-64b86796c7-sh9nv   5m     67Mi    
HPA: civicpulse-backend   Deployment/civicpulse-backend   cpu: 51%/60%   2     10    5     15h
--- t=130s ---
civicpulse-backend-64b86796c7-9jmgk   7m     63Mi    
civicpulse-backend-64b86796c7-bwgc6   8m     66Mi    
civicpulse-backend-64b86796c7-cv5xb   7m     77Mi    
civicpulse-backend-64b86796c7-d9bj8   249m   102Mi   
civicpulse-backend-64b86796c7-sh9nv   7m     67Mi    
HPA: civicpulse-backend   Deployment/civicpulse-backend   cpu: 55%/60%   2     10    5     15h
--- t=140s ---
civicpulse-backend-64b86796c7-9jmgk   7m     63Mi    
civicpulse-backend-64b86796c7-bwgc6   8m     66Mi    
civicpulse-backend-64b86796c7-cv5xb   7m     77Mi    
civicpulse-backend-64b86796c7-d9bj8   249m   102Mi   
civicpulse-backend-64b86796c7-sh9nv   7m     67Mi    
HPA: civicpulse-backend   Deployment/civicpulse-backend   cpu: 55%/60%   2     10    5     15h
--- t=150s ---
civicpulse-backend-64b86796c7-9jmgk   4m     63Mi    
civicpulse-backend-64b86796c7-bwgc6   154m   83Mi    
civicpulse-backend-64b86796c7-cv5xb   5m     78Mi    
civicpulse-backend-64b86796c7-d9bj8   224m   102Mi   
civicpulse-backend-64b86796c7-sh9nv   6m     67Mi    
HPA: civicpulse-backend   Deployment/civicpulse-backend   cpu: 127%/60%   2     10    5     15h
--- t=160s ---
civicpulse-backend-64b86796c7-9jmgk   4m     63Mi   
civicpulse-backend-64b86796c7-bwgc6   202m   89Mi   
civicpulse-backend-64b86796c7-cv5xb   4m     77Mi   
civicpulse-backend-64b86796c7-d9bj8   8m     99Mi   
civicpulse-backend-64b86796c7-sh9nv   4m     67Mi   
HPA: civicpulse-backend   Deployment/civicpulse-backend   cpu: 127%/60%   2     10    5     15h
--- t=170s ---
civicpulse-backend-64b86796c7-6r8rq   251m   64Mi    
civicpulse-backend-64b86796c7-9jmgk   77m    75Mi    
civicpulse-backend-64b86796c7-bqb6t   198m   68Mi    
civicpulse-backend-64b86796c7-bwgc6   5m     88Mi    
civicpulse-backend-64b86796c7-cv5xb   93m    88Mi    
civicpulse-backend-64b86796c7-d9bj8   83m    104Mi   
civicpulse-backend-64b86796c7-sh9nv   5m     67Mi    
HPA: civicpulse-backend   Deployment/civicpulse-backend   cpu: 105%/60%   2     10    7     15h
--- t=180s ---
civicpulse-backend-64b86796c7-6r8rq   251m   64Mi    
civicpulse-backend-64b86796c7-9jmgk   77m    75Mi    
civicpulse-backend-64b86796c7-bqb6t   198m   68Mi    
civicpulse-backend-64b86796c7-bwgc6   5m     88Mi    
civicpulse-backend-64b86796c7-cv5xb   93m    88Mi    
civicpulse-backend-64b86796c7-d9bj8   83m    104Mi   
civicpulse-backend-64b86796c7-sh9nv   5m     67Mi    
HPA: civicpulse-backend   Deployment/civicpulse-backend   cpu: 44%/60%   2     10    7     15h
--- t=190s ---
civicpulse-backend-64b86796c7-6r8rq   15m    68Mi    
civicpulse-backend-64b86796c7-9jmgk   77m    75Mi    
civicpulse-backend-64b86796c7-bqb6t   7m     68Mi    
civicpulse-backend-64b86796c7-bwgc6   7m     88Mi    
civicpulse-backend-64b86796c7-cv5xb   250m   93Mi    
civicpulse-backend-64b86796c7-d9bj8   140m   102Mi   
civicpulse-backend-64b86796c7-sh9nv   7m     67Mi    
HPA: civicpulse-backend   Deployment/civicpulse-backend   cpu: 101%/60%   2     10    7     15h
--- t=200s ---
civicpulse-backend-64b86796c7-6r8rq   5m     68Mi    
civicpulse-backend-64b86796c7-9jmgk   7m     75Mi    
civicpulse-backend-64b86796c7-bqb6t   4m     68Mi    
civicpulse-backend-64b86796c7-bwgc6   5m     87Mi    
civicpulse-backend-64b86796c7-cv5xb   250m   103Mi   
civicpulse-backend-64b86796c7-d9bj8   7m     99Mi    
civicpulse-backend-64b86796c7-sh9nv   7m     67Mi    
HPA: civicpulse-backend   Deployment/civicpulse-backend   cpu: 101%/60%   2     10    7     15h
--- t=210s ---
civicpulse-backend-64b86796c7-6r8rq   5m     68Mi    
civicpulse-backend-64b86796c7-9jmgk   7m     75Mi    
civicpulse-backend-64b86796c7-bqb6t   4m     68Mi    
civicpulse-backend-64b86796c7-bwgc6   5m     87Mi    
civicpulse-backend-64b86796c7-cv5xb   250m   103Mi   
civicpulse-backend-64b86796c7-d9bj8   7m     99Mi    
civicpulse-backend-64b86796c7-sh9nv   7m     67Mi    
HPA: civicpulse-backend   Deployment/civicpulse-backend   cpu: 40%/60%   2     10    7     15h
--- t=220s ---
civicpulse-backend-64b86796c7-6r8rq   4m     68Mi    
civicpulse-backend-64b86796c7-9jmgk   4m     75Mi    
civicpulse-backend-64b86796c7-bqb6t   4m     68Mi    
civicpulse-backend-64b86796c7-bwgc6   3m     87Mi    
civicpulse-backend-64b86796c7-cv5xb   251m   109Mi   
civicpulse-backend-64b86796c7-d9bj8   5m     100Mi   
civicpulse-backend-64b86796c7-sh9nv   4m     67Mi    
HPA: civicpulse-backend   Deployment/civicpulse-backend   cpu: 4%/60%   2     10    7     15h
--- t=230s ---
civicpulse-backend-64b86796c7-6r8rq   7m     68Mi    
civicpulse-backend-64b86796c7-9jmgk   5m     75Mi    
civicpulse-backend-64b86796c7-bqb6t   7m     68Mi    
civicpulse-backend-64b86796c7-bwgc6   3m     87Mi    
civicpulse-backend-64b86796c7-cv5xb   250m   110Mi   
civicpulse-backend-64b86796c7-d9bj8   7m     99Mi    
civicpulse-backend-64b86796c7-sh9nv   6m     67Mi    
HPA: civicpulse-backend   Deployment/civicpulse-backend   cpu: 4%/60%   2     10    7     15h
--- t=240s ---
civicpulse-backend-64b86796c7-6r8rq   5m    68Mi   
civicpulse-backend-64b86796c7-9jmgk   11m   75Mi   
civicpulse-backend-64b86796c7-bqb6t   7m    68Mi   
civicpulse-backend-64b86796c7-bwgc6   7m    87Mi   
civicpulse-backend-64b86796c7-d9bj8   9m    99Mi   
civicpulse-backend-64b86796c7-sh9nv   87m   78Mi   
HPA: civicpulse-backend   Deployment/civicpulse-backend   cpu: 5%/60%   2     10    7     15h
--- t=250s ---
civicpulse-backend-64b86796c7-6r8rq   5m    68Mi   
civicpulse-backend-64b86796c7-9jmgk   11m   75Mi   
civicpulse-backend-64b86796c7-bqb6t   7m    68Mi   
civicpulse-backend-64b86796c7-bwgc6   7m    87Mi   
civicpulse-backend-64b86796c7-d9bj8   9m    99Mi   
civicpulse-backend-64b86796c7-sh9nv   87m   78Mi   
HPA: civicpulse-backend   Deployment/civicpulse-backend   cpu: 21%/60%   2     10    7     15h
--- t=260s ---
civicpulse-backend-64b86796c7-6r8rq   7m     67Mi   
civicpulse-backend-64b86796c7-9jmgk   6m     75Mi   
civicpulse-backend-64b86796c7-bqb6t   7m     68Mi   
civicpulse-backend-64b86796c7-bwgc6   6m     87Mi   
civicpulse-backend-64b86796c7-cv5xb   182m   64Mi   
civicpulse-backend-64b86796c7-d9bj8   6m     99Mi   
civicpulse-backend-64b86796c7-sh9nv   250m   83Mi   
HPA: civicpulse-backend   Deployment/civicpulse-backend   cpu: 6%/60%   2     10    7     15h
--- t=270s ---
civicpulse-backend-64b86796c7-6r8rq   3m     67Mi   
civicpulse-backend-64b86796c7-9jmgk   50m    81Mi   
civicpulse-backend-64b86796c7-bqb6t   5m     68Mi   
civicpulse-backend-64b86796c7-bwgc6   6m     87Mi   
civicpulse-backend-64b86796c7-cv5xb   4m     65Mi   
civicpulse-backend-64b86796c7-d9bj8   3m     99Mi   
civicpulse-backend-64b86796c7-sh9nv   197m   92Mi   
HPA: civicpulse-backend   Deployment/civicpulse-backend   cpu: 6%/60%   2     10    7     15h
--- t=280s ---
civicpulse-backend-64b86796c7-6r8rq   4m     67Mi   
civicpulse-backend-64b86796c7-9jmgk   251m   91Mi   
civicpulse-backend-64b86796c7-bqb6t   4m     68Mi   
civicpulse-backend-64b86796c7-bwgc6   5m     87Mi   
civicpulse-backend-64b86796c7-cv5xb   4m     65Mi   
civicpulse-backend-64b86796c7-d9bj8   5m     99Mi   
civicpulse-backend-64b86796c7-sh9nv   8m     89Mi   
HPA: civicpulse-backend   Deployment/civicpulse-backend   cpu: 15%/60%   2     10    7     15h
--- t=290s ---
civicpulse-backend-64b86796c7-6r8rq   4m     67Mi   
civicpulse-backend-64b86796c7-9jmgk   251m   91Mi   
civicpulse-backend-64b86796c7-bqb6t   4m     68Mi   
civicpulse-backend-64b86796c7-bwgc6   5m     87Mi   
civicpulse-backend-64b86796c7-cv5xb   4m     65Mi   
civicpulse-backend-64b86796c7-d9bj8   5m     99Mi   
civicpulse-backend-64b86796c7-sh9nv   8m     89Mi   
HPA: civicpulse-backend   Deployment/civicpulse-backend   cpu: 5%/60%   2     10    7     15h
--- t=300s ---
civicpulse-backend-64b86796c7-6r8rq   5m     67Mi   
civicpulse-backend-64b86796c7-9jmgk   250m   93Mi   
civicpulse-backend-64b86796c7-bqb6t   4m     68Mi   
civicpulse-backend-64b86796c7-bwgc6   4m     87Mi   
civicpulse-backend-64b86796c7-cv5xb   6m     65Mi   
civicpulse-backend-64b86796c7-d9bj8   3m     99Mi   
civicpulse-backend-64b86796c7-sh9nv   4m     89Mi   
HPA: civicpulse-backend   Deployment/civicpulse-backend   cpu: 3%/60%   2     10    7     15h
--- t=310s ---
civicpulse-backend-64b86796c7-6r8rq   4m     67Mi    
civicpulse-backend-64b86796c7-9jmgk   28m    90Mi    
civicpulse-backend-64b86796c7-bqb6t   5m     68Mi    
civicpulse-backend-64b86796c7-bwgc6   4m     87Mi    
civicpulse-backend-64b86796c7-cv5xb   4m     65Mi    
civicpulse-backend-64b86796c7-d9bj8   159m   105Mi   
civicpulse-backend-64b86796c7-sh9nv   4m     89Mi    
HPA: civicpulse-backend   Deployment/civicpulse-backend   cpu: 3%/60%   2     10    7     15h
--- t=320s ---
civicpulse-backend-64b86796c7-6r8rq   4m     67Mi    
civicpulse-backend-64b86796c7-9jmgk   28m    90Mi    
civicpulse-backend-64b86796c7-bqb6t   5m     68Mi    
civicpulse-backend-64b86796c7-bwgc6   4m     87Mi    
civicpulse-backend-64b86796c7-cv5xb   4m     65Mi    
civicpulse-backend-64b86796c7-d9bj8   159m   105Mi   
civicpulse-backend-64b86796c7-sh9nv   4m     89Mi    
HPA: civicpulse-backend   Deployment/civicpulse-backend   cpu: 81%/60%   2     10    7     15h
--- t=330s ---
civicpulse-backend-64b86796c7-6r8rq   4m     67Mi    
civicpulse-backend-64b86796c7-9jmgk   4m     90Mi    
civicpulse-backend-64b86796c7-bqb6t   4m     68Mi    
civicpulse-backend-64b86796c7-bwgc6   4m     87Mi    
civicpulse-backend-64b86796c7-cv5xb   4m     65Mi    
civicpulse-backend-64b86796c7-d9bj8   159m   105Mi   
civicpulse-backend-64b86796c7-sh9nv   4m     89Mi    
HPA: civicpulse-backend   Deployment/civicpulse-backend   cpu: 35%/60%   2     10    7     15h
--- t=340s ---
civicpulse-backend-64b86796c7-6r8rq   4m     67Mi    
civicpulse-backend-64b86796c7-9jmgk   5m     90Mi    
civicpulse-backend-64b86796c7-bqb6t   4m     68Mi    
civicpulse-backend-64b86796c7-bwgc6   4m     87Mi    
civicpulse-backend-64b86796c7-cv5xb   85m    75Mi    
civicpulse-backend-64b86796c7-d9bj8   219m   104Mi   
civicpulse-backend-64b86796c7-sh9nv   4m     90Mi    
HPA: civicpulse-backend   Deployment/civicpulse-backend   cpu: 35%/60%   2     10    7     15h
--- t=350s ---
civicpulse-backend-64b86796c7-6r8rq   4m    67Mi    
civicpulse-backend-64b86796c7-9jmgk   4m    90Mi    
civicpulse-backend-64b86796c7-bqb6t   5m    69Mi    
civicpulse-backend-64b86796c7-bwgc6   4m    87Mi    
civicpulse-backend-64b86796c7-cv5xb   68m   75Mi    
civicpulse-backend-64b86796c7-d9bj8   4m    102Mi   
civicpulse-backend-64b86796c7-sh9nv   4m    89Mi    
HPA: civicpulse-backend   Deployment/civicpulse-backend   cpu: 63%/60%   2     10    7     15h
--- t=360s ---
civicpulse-backend-64b86796c7-6r8rq   4m    67Mi    
civicpulse-backend-64b86796c7-9jmgk   4m    90Mi    
civicpulse-backend-64b86796c7-bqb6t   5m    69Mi    
civicpulse-backend-64b86796c7-bwgc6   4m    87Mi    
civicpulse-backend-64b86796c7-cv5xb   68m   75Mi    
civicpulse-backend-64b86796c7-d9bj8   4m    102Mi   
civicpulse-backend-64b86796c7-sh9nv   4m    89Mi    
HPA: civicpulse-backend   Deployment/civicpulse-backend   cpu: 16%/60%   2     10    7     15h
--- t=370s ---
civicpulse-backend-64b86796c7-6r8rq   4m    68Mi    
civicpulse-backend-64b86796c7-9jmgk   4m    90Mi    
civicpulse-backend-64b86796c7-bqb6t   4m    68Mi    
civicpulse-backend-64b86796c7-bwgc6   5m    88Mi    
civicpulse-backend-64b86796c7-cv5xb   4m    74Mi    
civicpulse-backend-64b86796c7-d9bj8   5m    102Mi   
civicpulse-backend-64b86796c7-sh9nv   4m    89Mi    
HPA: civicpulse-backend   Deployment/civicpulse-backend   cpu: 4%/60%   2     10    7     15h
--- t=380s ---
civicpulse-backend-64b86796c7-6r8rq   4m    68Mi    
civicpulse-backend-64b86796c7-9jmgk   4m    91Mi    
civicpulse-backend-64b86796c7-bqb6t   5m    69Mi    
civicpulse-backend-64b86796c7-bwgc6   3m    87Mi    
civicpulse-backend-64b86796c7-cv5xb   4m    74Mi    
civicpulse-backend-64b86796c7-d9bj8   4m    102Mi   
civicpulse-backend-64b86796c7-sh9nv   5m    89Mi    
HPA: civicpulse-backend   Deployment/civicpulse-backend   cpu: 4%/60%   2     10    7     15h
--- t=390s ---
civicpulse-backend-64b86796c7-6r8rq   4m    68Mi    
civicpulse-backend-64b86796c7-9jmgk   4m    90Mi    
civicpulse-backend-64b86796c7-bqb6t   3m    68Mi    
civicpulse-backend-64b86796c7-bwgc6   4m    87Mi    
civicpulse-backend-64b86796c7-cv5xb   4m    75Mi    
civicpulse-backend-64b86796c7-d9bj8   4m    102Mi   
civicpulse-backend-64b86796c7-sh9nv   4m    89Mi    
HPA: civicpulse-backend   Deployment/civicpulse-backend   cpu: 4%/60%   2     10    7     15h
--- t=400s ---
civicpulse-backend-64b86796c7-6r8rq   4m    68Mi    
civicpulse-backend-64b86796c7-9jmgk   4m    90Mi    
civicpulse-backend-64b86796c7-bqb6t   3m    68Mi    
civicpulse-backend-64b86796c7-bwgc6   4m    87Mi    
civicpulse-backend-64b86796c7-cv5xb   4m    75Mi    
civicpulse-backend-64b86796c7-d9bj8   4m    102Mi   
civicpulse-backend-64b86796c7-sh9nv   4m    89Mi    
HPA: civicpulse-backend   Deployment/civicpulse-backend   cpu: 4%/60%   2     10    7     15h
--- t=410s ---
civicpulse-backend-64b86796c7-d9bj8   4m    102Mi   
HPA: civicpulse-backend   Deployment/civicpulse-backend   cpu: 4%/60%   2     10    7     15h
--- t=420s ---
No resources found in civicpulse namespace.
HPA: civicpulse-backend   Deployment/civicpulse-backend   cpu: <unknown>/60%   2     10    0     15h
--- t=430s ---
No resources found in civicpulse namespace.
HPA: civicpulse-backend   Deployment/civicpulse-backend   cpu: <unknown>/60%   2     10    0     15h
--- t=440s ---
error: metrics not available yet
HPA: civicpulse-backend   Deployment/civicpulse-backend   cpu: <unknown>/60%   2     10    2     15h
--- t=450s ---
civicpulse-backend-64b86796c7-46kpk   227m   66Mi   
civicpulse-backend-64b86796c7-cqnw4   252m   70Mi   
HPA: civicpulse-backend   Deployment/civicpulse-backend   cpu: <unknown>/60%   2     10    2     15h
--- t=460s ---
civicpulse-backend-64b86796c7-46kpk   3m     66Mi   
civicpulse-backend-64b86796c7-cqnw4   252m   70Mi   
HPA: civicpulse-backend   Deployment/civicpulse-backend   cpu: <unknown>/60%   2     10    2     15h
--- t=470s ---
civicpulse-backend-64b86796c7-46kpk   3m     66Mi   
civicpulse-backend-64b86796c7-cqnw4   252m   70Mi   
HPA: civicpulse-backend   Deployment/civicpulse-backend   cpu: 3%/60%   2     10    2     15h
--- t=480s ---
civicpulse-backend-64b86796c7-46kpk   4m    66Mi   
civicpulse-backend-64b86796c7-cqnw4   11m   76Mi   
HPA: civicpulse-backend   Deployment/civicpulse-backend   cpu: 4%/60%   2     10    2     15h
--- t=490s ---
civicpulse-backend-64b86796c7-46kpk   6m    66Mi   
civicpulse-backend-64b86796c7-cqnw4   6m    76Mi   
HPA: civicpulse-backend   Deployment/civicpulse-backend   cpu: 4%/60%   2     10    2     15h
--- t=500s ---
civicpulse-backend-64b86796c7-46kpk   6m    66Mi   
civicpulse-backend-64b86796c7-cqnw4   6m    76Mi   
HPA: civicpulse-backend   Deployment/civicpulse-backend   cpu: 6%/60%   2     10    2     15h
--- t=510s ---
civicpulse-backend-64b86796c7-46kpk   8m    67Mi   
civicpulse-backend-64b86796c7-cqnw4   6m    76Mi   
HPA: civicpulse-backend   Deployment/civicpulse-backend   cpu: 7%/60%   2     10    2     15h
--- t=520s ---
civicpulse-backend-64b86796c7-46kpk   7m    66Mi   
civicpulse-backend-64b86796c7-cqnw4   9m    77Mi   
HPA: civicpulse-backend   Deployment/civicpulse-backend   cpu: 7%/60%   2     10    2     15h
--- t=530s ---
civicpulse-backend-64b86796c7-46kpk   5m    66Mi   
civicpulse-backend-64b86796c7-cqnw4   4m    76Mi   
HPA: civicpulse-backend   Deployment/civicpulse-backend   cpu: 8%/60%   2     10    2     15h
--- t=540s ---
civicpulse-backend-64b86796c7-46kpk   5m    66Mi   
civicpulse-backend-64b86796c7-cqnw4   4m    76Mi   
HPA: civicpulse-backend   Deployment/civicpulse-backend   cpu: 4%/60%   2     10    2     15h
--- t=550s ---
civicpulse-backend-64b86796c7-46kpk   9m    66Mi   
civicpulse-backend-64b86796c7-cqnw4   7m    76Mi   
HPA: civicpulse-backend   Deployment/civicpulse-backend   cpu: 8%/60%   2     10    2     15h
--- t=560s ---
civicpulse-backend-64b86796c7-46kpk   5m    66Mi   
civicpulse-backend-64b86796c7-cqnw4   6m    77Mi   
HPA: civicpulse-backend   Deployment/civicpulse-backend   cpu: 8%/60%   2     10    2     15h
--- t=570s ---
civicpulse-backend-64b86796c7-46kpk   7m    66Mi   
civicpulse-backend-64b86796c7-cqnw4   6m    77Mi   
HPA: civicpulse-backend   Deployment/civicpulse-backend   cpu: 5%/60%   2     10    2     15h
--- t=580s ---
civicpulse-backend-64b86796c7-46kpk   7m    66Mi   
civicpulse-backend-64b86796c7-cqnw4   6m    77Mi   
HPA: civicpulse-backend   Deployment/civicpulse-backend   cpu: 6%/60%   2     10    2     15h
--- t=590s ---
civicpulse-backend-64b86796c7-46kpk   6m    66Mi   
civicpulse-backend-64b86796c7-cqnw4   7m    76Mi   
HPA: civicpulse-backend   Deployment/civicpulse-backend   cpu: 6%/60%   2     10    2     15h
--- t=600s ---
civicpulse-backend-64b86796c7-46kpk   9m    66Mi   
civicpulse-backend-64b86796c7-cqnw4   6m    76Mi   
HPA: civicpulse-backend   Deployment/civicpulse-backend   cpu: 6%/60%   2     10    2     15h
