civicpulse-backend   Deployment/civicpulse-backend   cpu: 6%/60%   2     10    2     15h
civicpulse-backend   Deployment/civicpulse-backend   cpu: 57%/60%   2     10    2     15h
civicpulse-backend   Deployment/civicpulse-backend   cpu: 218%/60%   2     10    2     15h
civicpulse-backend   Deployment/civicpulse-backend   cpu: 243%/60%   2     10    6     15h
civicpulse-backend   Deployment/civicpulse-backend   cpu: 249%/60%   2     10    9     15h
civicpulse-backend   Deployment/civicpulse-backend   cpu: 100%/60%   2     10    9     15h
civicpulse-backend   Deployment/civicpulse-backend   cpu: 74%/60%    2     10    9     15h
civicpulse-backend   Deployment/civicpulse-backend   cpu: 58%/60%    2     10    9     15h
civicpulse-backend   Deployment/civicpulse-backend   cpu: 86%/60%    2     10    9     15h
civicpulse-backend   Deployment/civicpulse-backend   cpu: 83%/60%    2     10    10    15h
civicpulse-backend   Deployment/civicpulse-backend   cpu: 114%/60%   2     10    10    15h
civicpulse-backend   Deployment/civicpulse-backend   cpu: 76%/60%    2     10    10    15h
civicpulse-backend   Deployment/civicpulse-backend   cpu: 99%/60%    2     10    10    15h
civicpulse-backend   Deployment/civicpulse-backend   cpu: 89%/60%    2     10    10    15h
civicpulse-backend   Deployment/civicpulse-backend   cpu: 101%/60%   2     10    10    15h
civicpulse-backend   Deployment/civicpulse-backend   cpu: 112%/60%   2     10    10    15h
civicpulse-backend   Deployment/civicpulse-backend   cpu: 107%/60%   2     10    10    15h
civicpulse-backend   Deployment/civicpulse-backend   cpu: 96%/60%    2     10    10    15h
civicpulse-backend   Deployment/civicpulse-backend   cpu: 91%/60%    2     10    10    15h
civicpulse-backend   Deployment/civicpulse-backend   cpu: 85%/60%    2     10    10    15h
civicpulse-backend   Deployment/civicpulse-backend   cpu: 77%/60%    2     10    10    15h
civicpulse-backend   Deployment/civicpulse-backend   cpu: 22%/60%    2     10    10    15h
civicpulse-backend   Deployment/civicpulse-backend   cpu: 6%/60%     2     10    10    15h
civicpulse-backend   Deployment/civicpulse-backend   cpu: 6%/60%     2     10    2     15h
civicpulse-backend   Deployment/civicpulse-backend   cpu: 7%/60%     2     10    2     15h
civicpulse-backend   Deployment/civicpulse-backend   cpu: 8%/60%     2     10    2     15h
civicpulse-backend   Deployment/civicpulse-backend   cpu: 5%/60%     2     10    2     15h
civicpulse-backend   Deployment/civicpulse-backend   cpu: 8%/60%     2     10    2     15h
civicpulse-backend   Deployment/civicpulse-backend   cpu: 7%/60%     2     10    2     15h
civicpulse-backend   Deployment/civicpulse-backend   cpu: 5%/60%     2     10    2     15h
civicpulse-backend   Deployment/civicpulse-backend   cpu: 8%/60%     2     10    2     15h
civicpulse-backend   Deployment/civicpulse-backend   cpu: 5%/60%     2     10    2     15h
civicpulse-backend   Deployment/civicpulse-backend   cpu: 6%/60%     2     10    2     15h
civicpulse-backend   Deployment/civicpulse-backend   cpu: 5%/60%     2     10    2     15h
civicpulse-backend   Deployment/civicpulse-backend   cpu: 7%/60%     2     10    2     15h
civicpulse-backend   Deployment/civicpulse-backend   cpu: 6%/60%     2     10    2     15h
civicpulse-backend   Deployment/civicpulse-backend   cpu: 6%/60%     2     10    2     15h
civicpulse-backend   Deployment/civicpulse-backend   cpu: 5%/60%     2     10    2     15h
civicpulse-backend   Deployment/civicpulse-backend   cpu: 31%/60%    2     10    2     15h
civicpulse-backend   Deployment/civicpulse-backend   cpu: 228%/60%   2     10    2     15h
civicpulse-backend   Deployment/civicpulse-backend   cpu: 244%/60%   2     10    6     15h
civicpulse-backend   Deployment/civicpulse-backend   cpu: 239%/60%   2     10    9     15h
civicpulse-backend   Deployment/civicpulse-backend   cpu: 119%/60%   2     10    9     15h
civicpulse-backend   Deployment/civicpulse-backend   cpu: 98%/60%    2     10    9     15h
civicpulse-backend   Deployment/civicpulse-backend   cpu: 86%/60%    2     10    10    15h
civicpulse-backend   Deployment/civicpulse-backend   cpu: 80%/60%    2     10    10    15h
civicpulse-backend   Deployment/civicpulse-backend   cpu: 78%/60%    2     10    10    15h
civicpulse-backend   Deployment/civicpulse-backend   cpu: 87%/60%    2     10    10    15h
civicpulse-backend   Deployment/civicpulse-backend   cpu: 91%/60%    2     10    10    15h
civicpulse-backend   Deployment/civicpulse-backend   cpu: 116%/60%   2     10    10    15h
civicpulse-backend   Deployment/civicpulse-backend   cpu: 114%/60%   2     10    10    15h
civicpulse-backend   Deployment/civicpulse-backend   cpu: 111%/60%   2     10    10    15h
civicpulse-backend   Deployment/civicpulse-backend   cpu: 103%/60%   2     10    10    15h
civicpulse-backend   Deployment/civicpulse-backend   cpu: 89%/60%    2     10    10    15h
civicpulse-backend   Deployment/civicpulse-backend   cpu: 94%/60%    2     10    10    15h
civicpulse-backend   Deployment/civicpulse-backend   cpu: 77%/60%    2     10    10    15h
civicpulse-backend   Deployment/civicpulse-backend   cpu: 66%/60%    2     10    10    15h
civicpulse-backend   Deployment/civicpulse-backend   cpu: 96%/60%    2     10    10    15h
civicpulse-backend   Deployment/civicpulse-backend   cpu: 109%/60%   2     10    10    15h
civicpulse-backend   Deployment/civicpulse-backend   cpu: 93%/60%    2     10    10    15h
civicpulse-backend   Deployment/civicpulse-backend   cpu: 64%/60%    2     10    10    15h
civicpulse-backend   Deployment/civicpulse-backend   cpu: 60%/60%    2     10    10    15h
civicpulse-backend   Deployment/civicpulse-backend   cpu: 31%/60%    2     10    10    15h
civicpulse-backend   Deployment/civicpulse-backend   cpu: 6%/60%     2     10    10    15h
civicpulse-backend   Deployment/civicpulse-backend   cpu: 5%/60%     2     10    10    15h
civicpulse-backend   Deployment/civicpulse-backend   cpu: 6%/60%     2     10    10    15h
civicpulse-backend   Deployment/civicpulse-backend   cpu: 8%/60%     2     10    10    15h
civicpulse-backend   Deployment/civicpulse-backend   cpu: 15%/60%    2     10    10    15h
civicpulse-backend   Deployment/civicpulse-backend   cpu: 5%/60%     2     10    10    15h
civicpulse-backend   Deployment/civicpulse-backend   cpu: 14%/60%    2     10    10    15h
civicpulse-backend   Deployment/civicpulse-backend   cpu: 7%/60%     2     10    10    15h
civicpulse-backend   Deployment/civicpulse-backend   cpu: 5%/60%     2     10    10    15h
civicpulse-backend   Deployment/civicpulse-backend   cpu: 6%/60%     2     10    10    15h
civicpulse-backend   Deployment/civicpulse-backend   cpu: 9%/60%     2     10    10    15h
civicpulse-backend   Deployment/civicpulse-backend   cpu: 7%/60%     2     10    10    15h
civicpulse-backend   Deployment/civicpulse-backend   cpu: 10%/60%    2     10    10    15h
civicpulse-backend   Deployment/civicpulse-backend   cpu: 6%/60%     2     10    10    15h
civicpulse-backend   Deployment/civicpulse-backend   cpu: 7%/60%     2     10    10    15h
civicpulse-backend   Deployment/civicpulse-backend   cpu: 7%/60%     2     10    6     15h
civicpulse-backend   Deployment/civicpulse-backend   cpu: 6%/60%     2     10    4     15h
civicpulse-backend   Deployment/civicpulse-backend   cpu: 5%/60%     2     10    4     15h
civicpulse-backend   Deployment/civicpulse-backend   cpu: 7%/60%     2     10    4     15h
civicpulse-backend   Deployment/civicpulse-backend   cpu: 6%/60%     2     10    4     15h
civicpulse-backend   Deployment/civicpulse-backend   cpu: 5%/60%     2     10    4     15h
civicpulse-backend   Deployment/civicpulse-backend   cpu: 6%/60%     2     10    3     15h
civicpulse-backend   Deployment/civicpulse-backend   cpu: 8%/60%     2     10    2     15h
civicpulse-backend   Deployment/civicpulse-backend   cpu: 7%/60%     2     10    2     15h
civicpulse-backend   Deployment/civicpulse-backend   cpu: 6%/60%     2     10    2     15h
civicpulse-backend   Deployment/civicpulse-backend   cpu: 5%/60%     2     10    2     15h
civicpulse-backend   Deployment/civicpulse-backend   cpu: 8%/60%     2     10    2     15h
civicpulse-backend   Deployment/civicpulse-backend   cpu: 68%/60%    2     10    2     15h
civicpulse-backend   Deployment/civicpulse-backend   cpu: 80%/60%    2     10    3     15h
civicpulse-backend   Deployment/civicpulse-backend   cpu: 56%/60%    2     10    3     15h
civicpulse-backend   Deployment/civicpulse-backend   cpu: 70%/60%    2     10    3     15h
